Gym has been unmaintained since 2022 and does not support NumPy 2.0 amongst other critical functionality.
Please upgrade to Gymnasium, the maintained drop-in replacement of Gym, or contact the authors of your software and request that they upgrade.
Users of this version of Gym should be able to simply replace 'import gym' with 'import gymnasium as gym' in the vast majority of cases.
See the migration guide at https://gymnasium.farama.org/introduction/migration_guide/ for additional information.
C:\Users\jaima\OneDrive\Documents\research\IGAM\.venv\Lib\site-packages\stable_baselines3\common\utils.py:166: UserWarning: get_schedule_fn() is deprecated, please use FloatSchedule() instead
  warnings.warn("get_schedule_fn() is deprecated, please use FloatSchedule() instead")
C:\Users\jaima\OneDrive\Documents\research\IGAM\.venv\Lib\site-packages\stable_baselines3\common\utils.py:212: UserWarning: constant_fn() is deprecated, please use ConstantSchedule() instead
  warnings.warn("constant_fn() is deprecated, please use ConstantSchedule() instead")
W0523 14:37:19.068000 35060 .venv\Lib\site-packages\torch\utils\flop_counter.py:29] triton not found; flop counting will not work for triton kernels
  perf: device=NVIDIA GeForce RTX 3070 Ti tf32=True cudnn_benchmark=True torch_threads=8
Run dir: runs\dth_lmu_ablations\dth_lmu_battleship_easy_gated_delta_eps_5M\DTHLMU\seed_1_20260523_143717
Using cuda device
  perf: torch.compile applied to policy submodules (first iter will be slow — Inductor warmup)
Logging to runs\dth_lmu_ablations\dth_lmu_battleship_easy_gated_delta_eps_5M\DTHLMU\seed_1_20260523_143717\PPO_1
W0523 14:37:20.727000 35060 .venv\Lib\site-packages\torch\_inductor\utils.py:1717] [0/0] Not enough SMs to use max_autotune_gemm mode
Traceback (most recent call last):
  File "<frozen runpy>", line 198, in _run_module_as_main
  File "<frozen runpy>", line 88, in _run_code
  File "C:\Users\jaima\OneDrive\Documents\research\IGAM\train.py", line 446, in <module>
    raise SystemExit(main())
                     ^^^^^^
  File "C:\Users\jaima\OneDrive\Documents\research\IGAM\train.py", line 430, in main
    model.learn(total_timesteps=cfg["total_timesteps"], callback=callbacks)
  File "C:\Users\jaima\OneDrive\Documents\research\IGAM\.venv\Lib\site-packages\stable_baselines3\ppo\ppo.py", line 311, in learn
    return super().learn(
           ^^^^^^^^^^^^^^
  File "C:\Users\jaima\OneDrive\Documents\research\IGAM\.venv\Lib\site-packages\stable_baselines3\common\on_policy_algorithm.py", line 324, in learn
    continue_training = self.collect_rollouts(self.env, callback, self.rollout_buffer, n_rollout_steps=self.n_steps)
                        ^^^^^^^^^^^^^^^^^^^^^^^^^^^^^^^^^^^^^^^^^^^^^^^^^^^^^^^^^^^^^^^^^^^^^^^^^^^^^^^^^^^^^^^^^^^^
  File "C:\Users\jaima\OneDrive\Documents\research\IGAM\memrl\ppo\ppo.py", line 234, in collect_rollouts
    actions, values, log_probs, new_state, side = self.policy.forward(
                                                  ^^^^^^^^^^^^^^^^^^^^
  File "C:\Users\jaima\OneDrive\Documents\research\IGAM\memrl\policy\policy.py", line 307, in forward
    phi_a = self.encoder_actor(obs)
            ^^^^^^^^^^^^^^^^^^^^^^^
  File "C:\Users\jaima\OneDrive\Documents\research\IGAM\.venv\Lib\site-packages\torch\_dynamo\eval_frame.py", line 473, in __call__
    return super().__call__(*args, **kwargs)
           ^^^^^^^^^^^^^^^^^^^^^^^^^^^^^^^^^
  File "C:\Users\jaima\OneDrive\Documents\research\IGAM\.venv\Lib\site-packages\torch\nn\modules\module.py", line 1778, in _wrapped_call_impl
    return self._call_impl(*args, **kwargs)
           ^^^^^^^^^^^^^^^^^^^^^^^^^^^^^^^^
  File "C:\Users\jaima\OneDrive\Documents\research\IGAM\.venv\Lib\site-packages\torch\nn\modules\module.py", line 1789, in _call_impl
    return forward_call(*args, **kwargs)
           ^^^^^^^^^^^^^^^^^^^^^^^^^^^^^
  File "C:\Users\jaima\OneDrive\Documents\research\IGAM\.venv\Lib\site-packages\torch\_dynamo\eval_frame.py", line 1062, in compile_wrapper
    raise e.remove_dynamo_frames() from None  # see TORCHDYNAMO_VERBOSE=1
    ^^^^^^^^^^^^^^^^^^^^^^^^^^^^^^^^^^^^^^^^
  File "C:\Users\jaima\OneDrive\Documents\research\IGAM\.venv\Lib\site-packages\torch\_inductor\scheduler.py", line 6645, in create_backend
    raise TritonMissing(inspect.currentframe())
torch._inductor.exc.TritonMissing: Cannot find a working triton installation. Either the package is not installed or it is too old. More information on installing Triton can be found at: https://github.com/triton-lang/triton

Set TORCHDYNAMO_VERBOSE=1 for the internal stack trace (please do this especially if you're reporting a bug to PyTorch). For even more developer context, set TORCH_LOGS="+dynamo"

  cell=OptimizedModule (×2: separate actor/critic backbones)  params=181,731  chunk_len=32  n_chunks_per_batch=8
  cell state shapes: actor_h=(64,), actor_m_f=(3, 32, 64), actor_m_s=(1, 32, 64), actor_m_legs=(32, 64), actor_t=(1,), actor_M=(64, 64), critic_h=(64,), critic_m_f=(3, 32, 64), critic_m_s=(1, 32, 64), critic_m_legs=(32, 64), critic_t=(1,), critic_M=(64, 64)
  checkpoint: save_path=runs\dth_lmu_ablations\dth_lmu_battleship_easy_gated_delta_eps_5M\DTHLMU\seed_1_20260523_143717, save_freq_steps=50,000, stop_files=['runs\\dth_lmu_ablations\\dth_lmu_battleship_easy_gated_delta_eps_5M\\DTHLMU\\seed_1_20260523_143717\\STOP', 'C:\\Users\\jaima\\OneDrive\\Documents\\research\\IGAM\\STOP']
